// Jest Snapshot v1, https://goo.gl/fbAQLP

exports[`loading component it renders correctly 1`] = `

<div class="loading">
</div>

`;
